Microchip MPLAB XC8 Compiler V2.40

Linker command line:

-W-3 \
  --edf=C:\Program Files\Microchip\xc8\v2.40\pic\dat\20220703182018_en.msgs \
  -cn -h+dist/default/production\Proiect_AEMC_1.2.production.sym \
  --cmf=dist/default/production\Proiect_AEMC_1.2.production.cmf -z -Q16F887 \
  -oC:\Users\irina\AppData\Local\Temp\xcAsi14.4 --defsym=__MPLAB_BUILD=1 \
  --fixupoverflow=error \
  -Mdist/default/production/Proiect_AEMC_1.2.production.map \
  --md=C:\Users\irina\AppData\Local\Temp\xcAsi14.dat -E1 -ver=XC8 Compiler \
  --acfsm=1493 -ACODE=00h-07FFhx4 -ASTRCODE=00h-01FFFh -ASTRING=00h-0FFhx32 \
  -ACONST=00h-0FFhx32 -AENTRY=00h-0FFhx32 -ACOMMON=070h-07Fh \
  -ABANK0=020h-06Fh -ABANK1=0A0h-0EFh -ABANK2=0110h-016Fh \
  -ABANK3=0190h-01EFh -ARAM=020h-06Fh,0A0h-0EFh,0110h-016Fh,0190h-01EFh \
  -AABS1=020h-07Fh,0A0h-0EFh,0110h-016Fh,0190h-01EFh -ASFR0=00h-01Fh \
  -ASFR1=080h-09Fh -ASFR2=0100h-010Fh -ASFR3=0180h-018Fh \
  -ACONFIG=02007h-02008h -DCONFIG=2 -AIDLOC=02000h-02003h -DIDLOC=2 \
  -AEEDATA=00h-0FFh/02100h -peeprom_data=EEDATA -DEEDATA=2 -DCODE=2 \
  -DSTRCODE=2 -DSTRING=2 -DCONST=2 -DENTRY=2 \
  -preset_vec=00h,intentry,init,end_init -ppowerup=CODE -pcinit=CODE \
  -pfunctab=ENTRY -k C:\Users\irina\AppData\Local\Temp\xcAsi14.o \
  dist/default/production\Proiect_AEMC_1.2.production.o 

Object code version is 3.11

Machine type is 16F887



                Name                               Link     Load   Length Selector   Space Scale
C:\Users\irina\AppData\Local\Temp\xcAsi14.o
                end_init                              0        0        3        0       0
                config                             2007     2007        2        0       4
                idloc                              2000     2000        4        0       5
dist/default/production\Proiect_AEMC_1.2.production.o
                cinit                               7DE      7DE       22      FBC       0
                config                             2007     2007        2        0       4
                idloc                              2000     2000        4        0       5
                text22                              2D7      2D7       23      5AE       0
                text21                              342      342       43      684       0
                text20                              29F      29F       1C      53E       0
                text19                              1F2      1F2        C      3E4       0
                text18                              20A      20A        D      414       0
                text17                              1C1      1C1        9      382       0
                text16                              1CA      1CA        9      394       0
                text15                              1DC      1DC        B      3B8       0
                text14                              238      238       19      470       0
                text13                              251      251       19      4A2       0
                text12                              26A      26A       1A      4D4       0
                text11                              1E7      1E7        B      3CE       0
                text10                              45F      45F       94      8BE       0
                text9                               2BB      2BB       1C      576       0
                text8                               284      284       1B      508       0
                text7                               31D      31D       25      63A       0
                text6                               1B4      1B4        5      368       0
                text5                               1FE      1FE        C      3FC       0
                text4                               1D3      1D3        9      3A6       0
                text3                               2FA      2FA       23      5F4       0
                text2                               3E9      3E9       76      7D2       0
                text1                               385      385       64      70A       0
                maintext                            4F3      4F3      2EB      9E6       0
                cstackBANK0                          20       20       1F       20       1
                cstackCOMMON                         70       70        A       70       1
                clrtext                             1B9      1B9        8      372       0
                inittext                            225      225       13      44A       0
                dataBANK0                            4F       4F        E       20       1
                bssBANK0                             3F       3F       10       20       1
                dataCOMMON                           7D       7D        1       70       1
                bssCOMMON                            7A       7A        2       70       1
                strings                               3        3       72        6       0
                nvCOMMON                             7C       7C        1       70       1
                idataBANK0                          217      217        E      42E       0
                idataCOMMON                         1B3      1B3        1      366       0

TOTAL           Name                               Link     Load   Length     Space
        CLASS   CODE           
                end_init                              0        0        3         0
                cinit                               7DE      7DE       22         0
                text22                              2D7      2D7       23         0
                text21                              342      342       43         0
                text20                              29F      29F       1C         0
                text19                              1F2      1F2        C         0
                text18                              20A      20A        D         0
                text17                              1C1      1C1        9         0
                text16                              1CA      1CA        9         0
                text15                              1DC      1DC        B         0
                text14                              238      238       19         0
                text13                              251      251       19         0
                text12                              26A      26A       1A         0
                text11                              1E7      1E7        B         0
                text10                              45F      45F       94         0
                text9                               2BB      2BB       1C         0
                text8                               284      284       1B         0
                text7                               31D      31D       25         0
                text6                               1B4      1B4        5         0
                text5                               1FE      1FE        C         0
                text4                               1D3      1D3        9         0
                text3                               2FA      2FA       23         0
                text2                               3E9      3E9       76         0
                text1                               385      385       64         0
                maintext                            4F3      4F3      2EB         0
                clrtext                             1B9      1B9        8         0
                inittext                            225      225       13         0
                idataBANK0                          217      217        E         0
                idataCOMMON                         1B3      1B3        1         0

        CLASS   STRCODE        

        CLASS   STRING         
                strings                               3        3       72         0

        CLASS   CONST          

        CLASS   ENTRY          

        CLASS   COMMON         
                cstackCOMMON                         70       70        A         1
                dataCOMMON                           7D       7D        1         1
                bssCOMMON                            7A       7A        2         1
                nvCOMMON                             7C       7C        1         1

        CLASS   BANK0          
                cstackBANK0                          20       20       1F         1
                dataBANK0                            4F       4F        E         1
                bssBANK0                             3F       3F       10         1

        CLASS   BANK1          

        CLASS   BANK2          

        CLASS   BANK3          

        CLASS   RAM            

        CLASS   ABS1           
                abs_s1                               7E       7E        2         1

        CLASS   SFR0           

        CLASS   SFR1           

        CLASS   SFR2           

        CLASS   SFR3           

        CLASS   CONFIG         
                config                             2007     2007        2         4

        CLASS   IDLOC          
                idloc                              2000     2000        4         5

        CLASS   EEDATA         

        CLASS   STACK          



SEGMENTS        Name                           Load    Length   Top    Selector   Space  Class     Delta

                reset_vec                      000000  000003  000003         0       0  CODE        2
                strings                        000003  000072  000075         6       0  STRING      2
                cstackBANK0                    000020  00003D  00005D        20       1  BANK0       1
                cstackCOMMON                   000070  00000E  00007E        70       1  COMMON      1
                idataCOMMON                    0001B3  000001  0001B4       366       0  CODE        2
                text6                          0001B4  000005  0001B9       368       0  CODE        2
                clrtext                        0001B9  000008  0001C1       372       0  CODE        2
                text17                         0001C1  000009  0001CA       382       0  CODE        2
                text16                         0001CA  000009  0001D3       394       0  CODE        2
                text4                          0001D3  000009  0001DC       3A6       0  CODE        2
                text15                         0001DC  00000B  0001E7       3B8       0  CODE        2
                text11                         0001E7  00000B  0001F2       3CE       0  CODE        2
                text19                         0001F2  00000C  0001FE       3E4       0  CODE        2
                text5                          0001FE  00000C  00020A       3FC       0  CODE        2
                text18                         00020A  00000D  000217       414       0  CODE        2
                idataBANK0                     000217  00000E  000225       42E       0  CODE        2
                inittext                       000225  000013  000238       44A       0  CODE        2
                text14                         000238  000019  000251       470       0  CODE        2
                text13                         000251  000019  00026A       4A2       0  CODE        2
                text12                         00026A  00001A  000284       4D4       0  CODE        2
                text8                          000284  00001B  00029F       508       0  CODE        2
                text20                         00029F  00001C  0002BB       53E       0  CODE        2
                text9                          0002BB  00001C  0002D7       576       0  CODE        2
                text22                         0002D7  000023  0002FA       5AE       0  CODE        2
                text3                          0002FA  000023  00031D       5F4       0  CODE        2
                text7                          00031D  000025  000342       63A       0  CODE        2
                text21                         000342  000043  000385       684       0  CODE        2
                text1                          000385  000064  0003E9       70A       0  CODE        2
                text2                          0003E9  000076  00045F       7D2       0  CODE        2
                text10                         00045F  000094  0004F3       8BE       0  CODE        2
                maintext                       0004F3  0002EB  0007DE       9E6       0  CODE        2
                cinit                          0007DE  000022  000800       FBC       0  CODE        2


UNUSED ADDRESS RANGES

        Name                Unused          Largest block    Delta
        BANK0            005D-006F             13           1
        BANK1            00A0-00EF             50           1
        BANK2            0110-016F             60           1
        BANK3            0190-01EF             60           1
        CODE             0075-01B2            13E           2
                         0800-1FFF            800
        CONST            0075-01B2             8B           2
                         0800-1FFF            100
        EEDATA           2100-21FF            100           2
        ENTRY            0075-01B2             8B           2
                         0800-1FFF            100
        RAM              005D-006F             13           1
                         00A0-00EF             50
                         0110-016F             60
                         0190-01EF             60
        SFR0             0000-001F             20           1
        SFR1             0080-009F             20           1
        SFR2             0100-010F             10           1
        SFR3             0180-018F             10           1
        STRCODE          0075-01B2            13E           2
                         0800-1FFF           1800
        STRING           0075-01B2             8B           2
                         0800-1FFF            100

                                  Symbol Table

DHT11_ReadData@data              cstackCOMMON 0072
DHT11_ReadData@i                 cstackCOMMON 0073
_ACKSTAT                         (abs)        048E
_ANSELH                          (abs)        0189
_DHT11_CheckResponse             text22       02D7
_DHT11_ReadData                  text21       0342
_DHT11_Start                     text20       029F
_OPTION_REG                      (abs)        0081
_OSCCON                          (abs)        008F
_PORTBbits                       (abs)        0006
_PORTDbits                       (abs)        0008
_RS                              bssCOMMON    007B
_SSPADD                          (abs)        0093
_SSPBUF                          (abs)        0013
_SSPCON2                         (abs)        0091
_SSPCON2bits                     (abs)        0091
_SSPCONbits                      (abs)        0014
_SSPSTAT                         (abs)        0094
_TRISB                           (abs)        0086
_TRISCbits                       (abs)        0087
_TRISD                           (abs)        0088
_WPUB                            (abs)        0095
__Habs1                          abs1         0000
__Hbank0                         bank0        0000
__Hbank1                         bank1        0000
__Hbank2                         bank2        0000
__Hbank3                         bank3        0000
__HbssBANK0                      bssBANK0     0000
__HbssCOMMON                     bssCOMMON    0000
__Hcinit                         cinit        0800
__Hclrtext                       clrtext      0000
__Hcode                          code         0000
__Hcommon                        common       0000
__Hconfig                        config       2009
__HcstackBANK0                   cstackBANK0  0000
__HcstackCOMMON                  cstackCOMMON 0000
__HdataBANK0                     dataBANK0    0000
__HdataCOMMON                    dataCOMMON   0000
__Heeprom_data                   eeprom_data  0000
__Hend_init                      end_init     0003
__Hfunctab                       functab      0000
__HidataBANK0                    idataBANK0   0000
__HidataCOMMON                   idataCOMMON  0000
__Hidloc                         idloc        2004
__Hinit                          init         0000
__Hinittext                      inittext     0000
__Hintentry                      intentry     0000
__Hmaintext                      maintext     0000
__HnvCOMMON                      nvCOMMON     0000
__Hpowerup                       powerup      0000
__Hram                           ram          0000
__Hreset_vec                     reset_vec    0000
__Hsfr0                          sfr0         0000
__Hsfr1                          sfr1         0000
__Hsfr2                          sfr2         0000
__Hsfr3                          sfr3         0000
__Hspace_0                       (abs)        0800
__Hspace_1                       (abs)        007E
__Hspace_2                       (abs)        0000
__Hspace_3                       (abs)        0000
__Hspace_4                       (abs)        4010
__Hstack                         stack        0000
__Hstrings                       strings      0000
__Htext                          text         0000
__Labs1                          abs1         0000
__Lbank0                         bank0        0000
__Lbank1                         bank1        0000
__Lbank2                         bank2        0000
__Lbank3                         bank3        0000
__LbssBANK0                      bssBANK0     0000
__LbssCOMMON                     bssCOMMON    0000
__Lcinit                         cinit        07DE
__Lclrtext                       clrtext      0000
__Lcode                          code         0000
__Lcommon                        common       0000
__Lconfig                        config       0000
__LcstackBANK0                   cstackBANK0  0000
__LcstackCOMMON                  cstackCOMMON 0000
__LdataBANK0                     dataBANK0    0000
__LdataCOMMON                    dataCOMMON   0000
__Leeprom_data                   eeprom_data  0000
__Lend_init                      end_init     0000
__Lfunctab                       functab      0000
__LidataBANK0                    idataBANK0   0000
__LidataCOMMON                   idataCOMMON  0000
__Lidloc                         idloc        0000
__Linit                          init         0000
__Linittext                      inittext     0000
__Lintentry                      intentry     0000
__Lmaintext                      maintext     0000
__LnvCOMMON                      nvCOMMON     0000
__Lpowerup                       powerup      0000
__Lram                           ram          0000
__Lreset_vec                     reset_vec    0000
__Lsfr0                          sfr0         0000
__Lsfr1                          sfr1         0000
__Lsfr2                          sfr2         0000
__Lsfr3                          sfr3         0000
__Lspace_0                       (abs)        0000
__Lspace_1                       (abs)        0000
__Lspace_2                       (abs)        0000
__Lspace_3                       (abs)        0000
__Lspace_4                       (abs)        0000
__Lstack                         stack        0000
__Lstrings                       strings      0000
__Ltext                          text         0000
__S0                             (abs)        0800
__S1                             (abs)        007E
__S3                             (abs)        0000
___int_sp                        stack        0000
___latbits                       (abs)        0002
___sp                            stack        0000
___stackhi                       (abs)        0000
___stacklo                       (abs)        0000
__end_of_DHT11_CheckResponse     text22       02FA
__end_of_DHT11_ReadData          text21       0385
__end_of_DHT11_Start             text20       02BB
__end_of__initialization         cinit        07FC
__end_of__stringtab              strings      0009
__end_of_i2c_masterInit          text19       01FE
__end_of_i2c_masterRepeatedStart text4        01DC
__end_of_i2c_masterStart         text17       01CA
__end_of_i2c_masterStop          text16       01D3
__end_of_i2c_masterWait          text18       0217
__end_of_i2c_masterWrite         text15       01E7
__end_of_i2c_readByte            text3        031D
__end_of_io_expanderWrite        text14       0251
__end_of_lcd_clear               text11       01F2
__end_of_lcd_cmd                 text12       0284
__end_of_lcd_init                text10       04F3
__end_of_lcd_setCursor           text9        02D7
__end_of_lcd_write4Bit           text13       026A
__end_of_lcd_writeChar           text8        029F
__end_of_lcd_writeString         text7        0342
__end_of_main                    maintext     07DE
__end_of_rtc_convLowerNibble     text6        01B9
__end_of_rtc_convUpperNibble     text5        020A
__end_of_rtc_readDate            text2        045F
__end_of_rtc_readTime            text1        03E9
__initialization                 cinit        07DE
__pbssBANK0                      bssBANK0     003F
__pbssCOMMON                     bssCOMMON    007A
__pcstackBANK0                   cstackBANK0  0020
__pcstackCOMMON                  cstackCOMMON 0070
__pdataBANK0                     dataBANK0    004F
__pdataCOMMON                    dataCOMMON   007D
__pidataBANK0                    idataBANK0   0217
__pidataCOMMON                   idataCOMMON  01B3
__pmaintext                      maintext     04F3
__pnvCOMMON                      nvCOMMON     007C
__pstrings                       strings      0003
__ptext1                         text1        0385
__ptext10                        text10       045F
__ptext11                        text11       01E7
__ptext12                        text12       026A
__ptext13                        text13       0251
__ptext14                        text14       0238
__ptext15                        text15       01DC
__ptext16                        text16       01CA
__ptext17                        text17       01C1
__ptext18                        text18       020A
__ptext19                        text19       01F2
__ptext2                         text2        03E9
__ptext20                        text20       029F
__ptext21                        text21       0342
__ptext22                        text22       02D7
__ptext3                         text3        02FA
__ptext4                         text4        01D3
__ptext5                         text5        01FE
__ptext6                         text6        01B4
__ptext7                         text7        031D
__ptext8                         text8        0284
__ptext9                         text9        02BB
__stringbase                     strings      0008
__stringtab                      strings      0003
_backlight_state                 dataCOMMON   007D
_check_bit                       bssBANK0     004D
_date                            bssBANK0     0043
_day                             bssBANK0     0045
_hour                            bssBANK0     0047
_i2c_add                         nvCOMMON     007C
_i2c_masterInit                  text19       01F2
_i2c_masterRepeatedStart         text4        01D3
_i2c_masterStart                 text17       01C1
_i2c_masterStop                  text16       01CA
_i2c_masterWait                  text18       020A
_i2c_masterWrite                 text15       01DC
_i2c_readByte                    text3        02FA
_io_expanderWrite                text14       0238
_lcd_clear                       text11       01E7
_lcd_cmd                         text12       026A
_lcd_init                        text10       045F
_lcd_setCursor                   text9        02BB
_lcd_write4Bit                   text13       0251
_lcd_writeChar                   text8        0284
_lcd_writeString                 text7        031D
_main                            maintext     04F3
_min                             bssBANK0     0049
_month                           bssBANK0     0041
_rtc_convLowerNibble             text6        01B4
_rtc_convUpperNibble             text5        01FE
_rtc_readDate                    text2        03E9
_rtc_readTime                    text1        0385
_sec                             bssBANK0     004B
_year                            bssBANK0     003F
btemp                            (abs)        007E
clear_ram0                       clrtext      01B9
end_of_initialization            cinit        07FC
i2c_masterWrite@data             cstackCOMMON 0070
i2c_readByte@ack                 cstackCOMMON 0070
i2c_readByte@incoming_data       cstackCOMMON 0071
init_fetch0                      inittext     0225
init_ram0                        inittext     0229
intlevel0                        functab      0000
intlevel1                        functab      0000
intlevel2                        functab      0000
intlevel3                        functab      0000
intlevel4                        functab      0000
intlevel5                        functab      0000
io_expanderWrite@data            cstackCOMMON 0071
lcd_cmd@cmd                      cstackCOMMON 0075
lcd_init@i2c_Add                 cstackCOMMON 0079
lcd_setCursor@col                cstackCOMMON 0076
lcd_setCursor@row                cstackCOMMON 0077
lcd_write4Bit@nibble             cstackCOMMON 0073
lcd_writeChar@data               cstackCOMMON 0075
lcd_writeString@i                cstackCOMMON 0076
lcd_writeString@str              cstackCOMMON 0078
main@F1381                       dataBANK0    004F
main@device_mode                 cstackBANK0  003E
main@rh_octet_1                  cstackBANK0  003A
main@rh_octet_2                  cstackBANK0  0034
main@suma                        cstackBANK0  0038
main@temp_octet_1                cstackBANK0  003C
main@temp_octet_2                cstackBANK0  0036
main@week_days                   cstackBANK0  0026
reset_vec                        reset_vec    0000
rtc_convLowerNibble@digit        cstackCOMMON 0070
rtc_convUpperNibble@digit        cstackCOMMON 0071
rtc_readDate@calendar_address    cstackCOMMON 0074
rtc_readTime@clock_address       cstackCOMMON 0074
start                            init         0000
start_initialization             cinit        07DE
wtemp0                           (abs)        007E


MODULE INFORMATION

Module		Function		Class		Link	Load	Size
sensors.c
		_DHT11_Start   		CODE           	029F	0000	28
		_DHT11_CheckResponse		CODE           	02D7	0000	35
		_DHT11_ReadData		CODE           	0342	0000	67

sensors.c estimated size: 130

i2c.c
		_lcd_cmd       		CODE           	026A	0000	26
		_i2c_masterWait		CODE           	020A	0000	13
		_i2c_masterInit		CODE           	01F2	0000	12
		_i2c_masterStop		CODE           	01CA	0000	9
		_lcd_setCursor 		CODE           	02BB	0000	28
		_lcd_writeString		CODE           	031D	0000	37
		_io_expanderWrite		CODE           	0238	0000	25
		_i2c_masterWrite		CODE           	01DC	0000	11
		_lcd_clear     		CODE           	01E7	0000	11
		_i2c_masterStart		CODE           	01C1	0000	9
		_i2c_masterRepeatedStart		CODE           	01D3	0000	9
		_i2c_readByte  		CODE           	02FA	0000	35
		_lcd_write4Bit 		CODE           	0251	0000	25
		_lcd_writeChar 		CODE           	0284	0000	27
		_lcd_init      		CODE           	045F	0000	148

i2c.c estimated size: 425

shared
		__stringtab    		STRING         	0003	0000	6
		__initialization		CODE           	07DE	0000	30

shared estimated size: 36

rtc.c
		_rtc_readDate  		CODE           	03E9	0000	118
		_rtc_readTime  		CODE           	0385	0000	100
		_rtc_convUpperNibble		CODE           	01FE	0000	12
		_rtc_convLowerNibble		CODE           	01B4	0000	5

rtc.c estimated size: 235

main.c
		_main          		CODE           	04F3	0000	747

main.c estimated size: 747

