Microchip MPLAB XC8 Compiler V2.40

Linker command line:

-W-3 \
  --edf=C:\Program Files\Microchip\xc8\v2.40\pic\dat\20220703182018_en.msgs \
  -cn -h+dist/default/production\Proiect_AEMC_1.1.production.sym \
  --cmf=dist/default/production\Proiect_AEMC_1.1.production.cmf -z -Q16F887 \
  -oC:\Users\irina\AppData\Local\Temp\xcAsesg.4 --defsym=__MPLAB_BUILD=1 \
  --fixupoverflow=error \
  -Mdist/default/production/Proiect_AEMC_1.1.production.map \
  --md=C:\Users\irina\AppData\Local\Temp\xcAsesg.dat -E1 -ver=XC8 Compiler \
  --acfsm=1493 -ACODE=00h-07FFhx4 -ASTRCODE=00h-01FFFh -ASTRING=00h-0FFhx32 \
  -ACONST=00h-0FFhx32 -AENTRY=00h-0FFhx32 -ACOMMON=070h-07Fh \
  -ABANK0=020h-06Fh -ABANK1=0A0h-0EFh -ABANK2=0110h-016Fh \
  -ABANK3=0190h-01EFh -ARAM=020h-06Fh,0A0h-0EFh,0110h-016Fh,0190h-01EFh \
  -AABS1=020h-07Fh,0A0h-0EFh,0110h-016Fh,0190h-01EFh -ASFR0=00h-01Fh \
  -ASFR1=080h-09Fh -ASFR2=0100h-010Fh -ASFR3=0180h-018Fh \
  -ACONFIG=02007h-02008h -DCONFIG=2 -AIDLOC=02000h-02003h -DIDLOC=2 \
  -AEEDATA=00h-0FFh/02100h -peeprom_data=EEDATA -DEEDATA=2 -DCODE=2 \
  -DSTRCODE=2 -DSTRING=2 -DCONST=2 -DENTRY=2 \
  -preset_vec=00h,intentry,init,end_init -ppowerup=CODE -pcinit=CODE \
  -pfunctab=ENTRY -k C:\Users\irina\AppData\Local\Temp\xcAsesg.o \
  dist/default/production\Proiect_AEMC_1.1.production.o 

Object code version is 3.11

Machine type is 16F887



                Name                               Link     Load   Length Selector   Space Scale
C:\Users\irina\AppData\Local\Temp\xcAsesg.o
                end_init                              0        0        3        0       0
                config                             2007     2007        2        0       4
                idloc                              2000     2000        4        0       5
dist/default/production\Proiect_AEMC_1.1.production.o
                cinit                               7E7      7E7       19      FCE       0
                config                             2007     2007        2        0       4
                idloc                              2000     2000        4        0       5
                text19                              3A6      3A6        C      74C       0
                text18                              3BE      3BE        D      77C       0
                text17                              375      375        9      6EA       0
                text16                              37E      37E        9      6FC       0
                text15                              390      390        B      720       0
                text14                              435      435       1D      86A       0
                text13                              3CB      3CB       19      796       0
                text12                              3E4      3E4       1A      7C8       0
                text11                              39B      39B        B      736       0
                text10                              49A      49A       96      934       0
                text9                               419      419       1C      832       0
                text8                               3FE      3FE       1B      7FC       0
                text7                               475      475       25      8EA       0
                text6                               370      370        5      6E0       0
                text5                               3B2      3B2        C      764       0
                text4                               387      387        9      70E       0
                text3                               452      452       23      8A4       0
                text2                               5D6      5D6       D8      BAC       0
                text1                               530      530       A6      A60       0
                maintext                            6AE      6AE      139      D5C       0
                cstackCOMMON                         70       70        D       70       1
                dataBANK0                            2F       2F        1       20       1
                bssBANK0                             20       20        E       20       1
                bssCOMMON                            7D       7D        1       70       1
                strings                               3        3       25        6       0
                nvBANK0                              2E       2E        1       20       1
                idataBANK0                          36F      36F        1      6DE       0

TOTAL           Name                               Link     Load   Length     Space
        CLASS   CODE           
                end_init                              0        0        3         0
                cinit                               7E7      7E7       19         0
                text19                              3A6      3A6        C         0
                text18                              3BE      3BE        D         0
                text17                              375      375        9         0
                text16                              37E      37E        9         0
                text15                              390      390        B         0
                text14                              435      435       1D         0
                text13                              3CB      3CB       19         0
                text12                              3E4      3E4       1A         0
                text11                              39B      39B        B         0
                text10                              49A      49A       96         0
                text9                               419      419       1C         0
                text8                               3FE      3FE       1B         0
                text7                               475      475       25         0
                text6                               370      370        5         0
                text5                               3B2      3B2        C         0
                text4                               387      387        9         0
                text3                               452      452       23         0
                text2                               5D6      5D6       D8         0
                text1                               530      530       A6         0
                maintext                            6AE      6AE      139         0
                idataBANK0                          36F      36F        1         0

        CLASS   STRCODE        

        CLASS   STRING         
                strings                               3        3       25         0

        CLASS   CONST          

        CLASS   ENTRY          

        CLASS   COMMON         
                cstackCOMMON                         70       70        D         1
                bssCOMMON                            7D       7D        1         1

        CLASS   BANK0          
                dataBANK0                            2F       2F        1         1
                bssBANK0                             20       20        E         1
                nvBANK0                              2E       2E        1         1

        CLASS   BANK1          

        CLASS   BANK2          

        CLASS   BANK3          

        CLASS   RAM            

        CLASS   ABS1           
                abs_s1                               7E       7E        2         1

        CLASS   SFR0           

        CLASS   SFR1           

        CLASS   SFR2           

        CLASS   SFR3           

        CLASS   CONFIG         
                config                             2007     2007        2         4

        CLASS   IDLOC          
                idloc                              2000     2000        4         5

        CLASS   EEDATA         

        CLASS   STACK          



SEGMENTS        Name                           Load    Length   Top    Selector   Space  Class     Delta

                reset_vec                      000000  000003  000003         0       0  CODE        2
                strings                        000003  000025  000028         6       0  STRING      2
                bssBANK0                       000020  000010  000030        20       1  BANK0       1
                cstackCOMMON                   000070  00000E  00007E        70       1  COMMON      1
                idataBANK0                     00036F  000001  000370       6DE       0  CODE        2
                text6                          000370  000005  000375       6E0       0  CODE        2
                text17                         000375  000009  00037E       6EA       0  CODE        2
                text16                         00037E  000009  000387       6FC       0  CODE        2
                text4                          000387  000009  000390       70E       0  CODE        2
                text15                         000390  00000B  00039B       720       0  CODE        2
                text11                         00039B  00000B  0003A6       736       0  CODE        2
                text19                         0003A6  00000C  0003B2       74C       0  CODE        2
                text5                          0003B2  00000C  0003BE       764       0  CODE        2
                text18                         0003BE  00000D  0003CB       77C       0  CODE        2
                text13                         0003CB  000019  0003E4       796       0  CODE        2
                text12                         0003E4  00001A  0003FE       7C8       0  CODE        2
                text8                          0003FE  00001B  000419       7FC       0  CODE        2
                text9                          000419  00001C  000435       832       0  CODE        2
                text14                         000435  00001D  000452       86A       0  CODE        2
                text3                          000452  000023  000475       8A4       0  CODE        2
                text7                          000475  000025  00049A       8EA       0  CODE        2
                text10                         00049A  000096  000530       934       0  CODE        2
                text1                          000530  0000A6  0005D6       A60       0  CODE        2
                text2                          0005D6  0000D8  0006AE       BAC       0  CODE        2
                maintext                       0006AE  000139  0007E7       D5C       0  CODE        2
                cinit                          0007E7  000019  000800       FCE       0  CODE        2


UNUSED ADDRESS RANGES

        Name                Unused          Largest block    Delta
        BANK0            0030-006F             40           1
        BANK1            00A0-00EF             50           1
        BANK2            0110-016F             60           1
        BANK3            0190-01EF             60           1
        CODE             0028-036E            347           2
                         0800-1FFF            800
        CONST            0028-036E            100           2
                         0800-1FFF            100
        EEDATA           2100-21FF            100           2
        ENTRY            0028-036E            100           2
                         0800-1FFF            100
        RAM              0030-006F             40           1
                         00A0-00EF             50
                         0110-016F             60
                         0190-01EF             60
        SFR0             0000-001F             20           1
        SFR1             0080-009F             20           1
        SFR2             0100-010F             10           1
        SFR3             0180-018F             10           1
        STRCODE          0028-036E            347           2
                         0800-1FFF           1800
        STRING           0028-036E            100           2
                         0800-1FFF            100

                                  Symbol Table

_ACKSTAT                         (abs)        048E
_OSCCON                          (abs)        008F
_RS                              bssCOMMON    007D
_SSPADD                          (abs)        0093
_SSPBUF                          (abs)        0013
_SSPCON2                         (abs)        0091
_SSPCON2bits                     (abs)        0091
_SSPCONbits                      (abs)        0014
_SSPSTAT                         (abs)        0094
_TRISCbits                       (abs)        0087
__Habs1                          abs1         0000
__Hbank0                         bank0        0000
__Hbank1                         bank1        0000
__Hbank2                         bank2        0000
__Hbank3                         bank3        0000
__HbssBANK0                      bssBANK0     0000
__HbssCOMMON                     bssCOMMON    0000
__Hcinit                         cinit        0800
__Hclrtext                       clrtext      0000
__Hcode                          code         0000
__Hcommon                        common       0000
__Hconfig                        config       2009
__HcstackCOMMON                  cstackCOMMON 0000
__HdataBANK0                     dataBANK0    0000
__Heeprom_data                   eeprom_data  0000
__Hend_init                      end_init     0003
__Hfunctab                       functab      0000
__HidataBANK0                    idataBANK0   0000
__Hidloc                         idloc        2004
__Hinit                          init         0000
__Hintentry                      intentry     0000
__Hmaintext                      maintext     0000
__HnvBANK0                       nvBANK0      0000
__Hpowerup                       powerup      0000
__Hram                           ram          0000
__Hreset_vec                     reset_vec    0000
__Hsfr0                          sfr0         0000
__Hsfr1                          sfr1         0000
__Hsfr2                          sfr2         0000
__Hsfr3                          sfr3         0000
__Hspace_0                       (abs)        0800
__Hspace_1                       (abs)        007E
__Hspace_2                       (abs)        0000
__Hspace_3                       (abs)        0000
__Hspace_4                       (abs)        4010
__Hstack                         stack        0000
__Hstrings                       strings      0000
__Htext                          text         0000
__Labs1                          abs1         0000
__Lbank0                         bank0        0000
__Lbank1                         bank1        0000
__Lbank2                         bank2        0000
__Lbank3                         bank3        0000
__LbssBANK0                      bssBANK0     0000
__LbssCOMMON                     bssCOMMON    0000
__Lcinit                         cinit        07E7
__Lclrtext                       clrtext      0000
__Lcode                          code         0000
__Lcommon                        common       0000
__Lconfig                        config       0000
__LcstackCOMMON                  cstackCOMMON 0000
__LdataBANK0                     dataBANK0    0000
__Leeprom_data                   eeprom_data  0000
__Lend_init                      end_init     0000
__Lfunctab                       functab      0000
__LidataBANK0                    idataBANK0   0000
__Lidloc                         idloc        0000
__Linit                          init         0000
__Lintentry                      intentry     0000
__Lmaintext                      maintext     0000
__LnvBANK0                       nvBANK0      0000
__Lpowerup                       powerup      0000
__Lram                           ram          0000
__Lreset_vec                     reset_vec    0000
__Lsfr0                          sfr0         0000
__Lsfr1                          sfr1         0000
__Lsfr2                          sfr2         0000
__Lsfr3                          sfr3         0000
__Lspace_0                       (abs)        0000
__Lspace_1                       (abs)        0000
__Lspace_2                       (abs)        0000
__Lspace_3                       (abs)        0000
__Lspace_4                       (abs)        0000
__Lstack                         stack        0000
__Lstrings                       strings      0000
__Ltext                          text         0000
__S0                             (abs)        0800
__S1                             (abs)        007E
__S3                             (abs)        0000
___int_sp                        stack        0000
___latbits                       (abs)        0002
___sp                            stack        0000
___stackhi                       (abs)        0000
___stacklo                       (abs)        0000
__end_of__initialization         cinit        07FC
__end_of__stringtab              strings      0009
__end_of_i2c_masterInit          text19       03B2
__end_of_i2c_masterRepeatedStart text4        0390
__end_of_i2c_masterStart         text17       037E
__end_of_i2c_masterStop          text16       0387
__end_of_i2c_masterWait          text18       03CB
__end_of_i2c_masterWrite         text15       039B
__end_of_i2c_readByte            text3        0475
__end_of_io_expanderWrite        text14       0452
__end_of_lcd_clear               text11       03A6
__end_of_lcd_cmd                 text12       03FE
__end_of_lcd_init                text10       0530
__end_of_lcd_setCursor           text9        0435
__end_of_lcd_write4Bit           text13       03E4
__end_of_lcd_writeChar           text8        0419
__end_of_lcd_writeString         text7        049A
__end_of_main                    maintext     07E7
__end_of_rtc_convLowerNibble     text6        0375
__end_of_rtc_convUpperNibble     text5        03BE
__end_of_rtc_readDate            text2        06AE
__end_of_rtc_readTime            text1        05D6
__initialization                 cinit        07E7
__pbssBANK0                      bssBANK0     0020
__pbssCOMMON                     bssCOMMON    007D
__pcstackCOMMON                  cstackCOMMON 0070
__pdataBANK0                     dataBANK0    002F
__pidataBANK0                    idataBANK0   036F
__pmaintext                      maintext     06AE
__pnvBANK0                       nvBANK0      002E
__pstrings                       strings      0003
__ptext1                         text1        0530
__ptext10                        text10       049A
__ptext11                        text11       039B
__ptext12                        text12       03E4
__ptext13                        text13       03CB
__ptext14                        text14       0435
__ptext15                        text15       0390
__ptext16                        text16       037E
__ptext17                        text17       0375
__ptext18                        text18       03BE
__ptext19                        text19       03A6
__ptext2                         text2        05D6
__ptext3                         text3        0452
__ptext4                         text4        0387
__ptext5                         text5        03B2
__ptext6                         text6        0370
__ptext7                         text7        0475
__ptext8                         text8        03FE
__ptext9                         text9        0419
__stringbase                     strings      0008
__stringtab                      strings      0003
_backlight_state                 dataBANK0    002F
_date                            bssBANK0     0024
_day                             bssBANK0     0026
_hour                            bssBANK0     0028
_i2c_add                         nvBANK0      002E
_i2c_masterInit                  text19       03A6
_i2c_masterRepeatedStart         text4        0387
_i2c_masterStart                 text17       0375
_i2c_masterStop                  text16       037E
_i2c_masterWait                  text18       03BE
_i2c_masterWrite                 text15       0390
_i2c_readByte                    text3        0452
_io_expanderWrite                text14       0435
_lcd_clear                       text11       039B
_lcd_cmd                         text12       03E4
_lcd_init                        text10       049A
_lcd_setCursor                   text9        0419
_lcd_write4Bit                   text13       03CB
_lcd_writeChar                   text8        03FE
_lcd_writeString                 text7        0475
_main                            maintext     06AE
_min                             bssBANK0     002A
_month                           bssBANK0     0022
_rtc_convLowerNibble             text6        0370
_rtc_convUpperNibble             text5        03B2
_rtc_readDate                    text2        05D6
_rtc_readTime                    text1        0530
_sec                             bssBANK0     002C
_year                            bssBANK0     0020
btemp                            (abs)        007E
end_of_initialization            cinit        07FC
i2c_masterWrite@data             cstackCOMMON 0070
i2c_readByte@ack                 cstackCOMMON 0070
i2c_readByte@incoming_data       cstackCOMMON 0071
intlevel0                        functab      0000
intlevel1                        functab      0000
intlevel2                        functab      0000
intlevel3                        functab      0000
intlevel4                        functab      0000
intlevel5                        functab      0000
io_expanderWrite@data            cstackCOMMON 0071
lcd_cmd@cmd                      cstackCOMMON 0075
lcd_init@i2c_Add                 cstackCOMMON 0079
lcd_setCursor@col                cstackCOMMON 0076
lcd_setCursor@row                cstackCOMMON 0077
lcd_write4Bit@nibble             cstackCOMMON 0073
lcd_writeChar@data               cstackCOMMON 0075
lcd_writeString@i                cstackCOMMON 0076
lcd_writeString@str              cstackCOMMON 0078
reset_vec                        reset_vec    0000
rtc_convLowerNibble@digit        cstackCOMMON 0070
rtc_convUpperNibble@digit        cstackCOMMON 0071
rtc_readDate@calendar_address    cstackCOMMON 0074
rtc_readTime@clock_address       cstackCOMMON 0074
start                            init         0000
start_initialization             cinit        07E7
wtemp0                           (abs)        007E


MODULE INFORMATION

Module		Function		Class		Link	Load	Size
i2c.c
		_lcd_cmd       		CODE           	03E4	0000	26
		_i2c_masterWait		CODE           	03BE	0000	13
		_i2c_masterInit		CODE           	03A6	0000	12
		_i2c_masterStop		CODE           	037E	0000	9
		_lcd_setCursor 		CODE           	0419	0000	28
		_lcd_writeString		CODE           	0475	0000	37
		_io_expanderWrite		CODE           	0435	0000	29
		_i2c_masterWrite		CODE           	0390	0000	11
		_lcd_clear     		CODE           	039B	0000	11
		_i2c_masterStart		CODE           	0375	0000	9
		_i2c_masterRepeatedStart		CODE           	0387	0000	9
		_i2c_readByte  		CODE           	0452	0000	35
		_lcd_write4Bit 		CODE           	03CB	0000	25
		_lcd_writeChar 		CODE           	03FE	0000	27
		_lcd_init      		CODE           	049A	0000	150

i2c.c estimated size: 431

shared
		__stringtab    		STRING         	0003	0000	6
		__initialization		CODE           	07E7	0000	21

shared estimated size: 27

rtc.c
		_rtc_readDate  		CODE           	05D6	0000	216
		_rtc_readTime  		CODE           	0530	0000	166
		_rtc_convUpperNibble		CODE           	03B2	0000	12
		_rtc_convLowerNibble		CODE           	0370	0000	5

rtc.c estimated size: 399

main.c
		_main          		CODE           	06AE	0000	313

main.c estimated size: 313

