Microchip MPLAB XC8 Compiler V2.41

Linker command line:

-W-3 --edf=E:\XC8 Compiler\pic\dat\20230208172133_en.msgs -cn \
  -h+dist/default/production\Software.production.sym \
  --cmf=dist/default/production\Software.production.cmf -z -Q16F887 \
  -oC:\Users\irina\AppData\Local\Temp\xcAs5ok.\driver_tmp_3.o \
  --defsym=__MPLAB_BUILD=1 --fixupoverflow=error \
  -Mdist/default/production/Software.production.map \
  --md=C:\Users\irina\AppData\Local\Temp\xcAs5ok.\driver_tmp_0.dat -E1 \
  -ver=XC8 Compiler --acfsm=1493 -ACODE=00h-07FFhx4 -ASTRCODE=00h-01FFFh \
  -ASTRING=00h-0FFhx32 -ACONST=00h-0FFhx32 -AENTRY=00h-0FFhx32 \
  -ACOMMON=070h-07Fh -ABANK0=020h-06Fh -ABANK1=0A0h-0EFh \
  -ABANK2=0110h-016Fh -ABANK3=0190h-01EFh \
  -ARAM=020h-06Fh,0A0h-0EFh,0110h-016Fh,0190h-01EFh \
  -AABS1=020h-07Fh,0A0h-0EFh,0110h-016Fh,0190h-01EFh -ASFR0=00h-01Fh \
  -ASFR1=080h-09Fh -ASFR2=0100h-010Fh -ASFR3=0180h-018Fh \
  -ACONFIG=02007h-02008h -DCONFIG=2 -AIDLOC=02000h-02003h -DIDLOC=2 \
  -AEEDATA=00h-0FFh/02100h -peeprom_data=EEDATA -DEEDATA=2 -DCODE=2 \
  -DSTRCODE=2 -DSTRING=2 -DCONST=2 -DENTRY=2 \
  -preset_vec=00h,intentry,init,end_init -ppowerup=CODE -pcinit=CODE \
  -pfunctab=ENTRY -k \
  C:\Users\irina\AppData\Local\Temp\xcAs5ok.\driver_tmp_12.o \
  dist/default/production\Software.production.o 

Object code version is 3.11

Machine type is 16F887



                Name                               Link     Load   Length Selector   Space Scale
C:\Users\irina\AppData\Local\Temp\xcAs5ok.\driver_tmp_12.o
                end_init                              0        0        3        0       0
                config                             2007     2007        2        0       4
                idloc                              2000     2000        4        0       5
dist/default/production\Software.production.o
                cinit                               7D7      7D7       29      FAE       0
                config                             2007     2007        2        0       4
                idloc                              2000     2000        4        0       5
                text41                             1208     1208       1B     2410       0
                text40                             11D6     11D6       18     23AC       0
                text39                             1326     1326       43     264C       0
                text38                             116A     116A        B     22D4       0
                text37                               2D       2D      1CF       5A       0
                text36                                6        6       27        C       0
                text35                              CBB      CBB      345     1976       0
                text34                             12DC     12DC       25     25B8       0
                text33                             175E     175E       A2     2EBC       0
                text32                              A57      A57      264     14AE       0
                text31                             12B8     12B8       24     2570       0
                text30                             14D6     14D6       76     29AC       0
                text29                              8BE      8BE       BA     117C       0
                text28                             16CD     16CD       91     2D9A       0
                text27                              978      978       DF     12F0       0
                text26                             118B     118B        C     2316       0
                text25                             146F     146F       67     28DE       0
                text24                             1369     1369       49     26D2       0
                text23                             1175     1175        B     22EA       0
                text22                              817      817       A7     102E       0
                text21                             1197     1197        C     232E       0
                text20                             11BB     11BB        D     2376       0
                text19                             114F     114F        9     229E       0
                text18                             1158     1158        9     22B0       0
                text17                             1180     1180        B     2300       0
                text16                             125B     125B       1D     24B6       0
                text15                             11EE     11EE       1A     23DC       0
                text14                             1223     1223       1C     2446       0
                text13                             11A3     11A3        C     2346       0
                text12                             1647     1647       86     2C8E       0
                text11                             123F     123F       1C     247E       0
                text10                             1278     1278       1D     24F0       0
                text9                              1301     1301       25     2602       0
                text8                              13B2     13B2       59     2764       0
                text7                              15C2     15C2       85     2B84       0
                text6                              113D     113D        5     227A       0
                text5                              11AF     11AF        C     235E       0
                text4                              1161     1161        9     22C2       0
                text3                              1295     1295       23     252A       0
                text2                              154C     154C       76     2A98       0
                text1                              140B     140B       64     2816       0
                maintext                            1FC      1FC      5DB      3F8       0
                cstackBANK0                          20       20       4F       20       1
                cstackCOMMON                         70       70        E       70       1
                cstackBANK1                          A0       A0       34       A0       1
                clrtext                            1147     1147        8     228E       0
                inittext                            804      804       13     1008       0
                dataBANK3                           190      190        E      190       1
                dataBANK1                            E9       E9        5       A0       1
                bssBANK1                             D4       D4       15       A0       1
                bssBANK0                             6F       6F        1       20       1
                strings                            1000     1000       98     2000       0
                nvBANK1                              EE       EE        1       A0       1
                idataBANK3                         11C8     11C8        E     2390       0
                idataBANK1                         1142     1142        5     2284       0

TOTAL           Name                               Link     Load   Length     Space
        CLASS   CODE           
                end_init                              0        0        3         0
                cinit                               7D7      7D7       29         0
                text41                             1208     1208       1B         0
                text40                             11D6     11D6       18         0
                text39                             1326     1326       43         0
                text38                             116A     116A        B         0
                text37                               2D       2D      1CF         0
                text36                                6        6       27         0
                text35                              CBB      CBB      345         0
                text34                             12DC     12DC       25         0
                text33                             175E     175E       A2         0
                text32                              A57      A57      264         0
                text31                             12B8     12B8       24         0
                text30                             14D6     14D6       76         0
                text29                              8BE      8BE       BA         0
                text28                             16CD     16CD       91         0
                text27                              978      978       DF         0
                text26                             118B     118B        C         0
                text25                             146F     146F       67         0
                text24                             1369     1369       49         0
                text23                             1175     1175        B         0
                text22                              817      817       A7         0
                text21                             1197     1197        C         0
                text20                             11BB     11BB        D         0
                text19                             114F     114F        9         0
                text18                             1158     1158        9         0
                text17                             1180     1180        B         0
                text16                             125B     125B       1D         0
                text15                             11EE     11EE       1A         0
                text14                             1223     1223       1C         0
                text13                             11A3     11A3        C         0
                text12                             1647     1647       86         0
                text11                             123F     123F       1C         0
                text10                             1278     1278       1D         0
                text9                              1301     1301       25         0
                text8                              13B2     13B2       59         0
                text7                              15C2     15C2       85         0
                text6                              113D     113D        5         0
                text5                              11AF     11AF        C         0
                text4                              1161     1161        9         0
                text3                              1295     1295       23         0
                text2                              154C     154C       76         0
                text1                              140B     140B       64         0
                maintext                            1FC      1FC      5DB         0
                clrtext                            1147     1147        8         0
                inittext                            804      804       13         0
                idataBANK3                         11C8     11C8        E         0
                idataBANK1                         1142     1142        5         0

        CLASS   STRCODE        

        CLASS   STRING         
                strings                            1000     1000       98         0

        CLASS   CONST          

        CLASS   ENTRY          

        CLASS   COMMON         
                cstackCOMMON                         70       70        E         1

        CLASS   BANK0          
                cstackBANK0                          20       20       4F         1
                bssBANK0                             6F       6F        1         1

        CLASS   BANK1          
                cstackBANK1                          A0       A0       34         1
                dataBANK1                            E9       E9        5         1
                bssBANK1                             D4       D4       15         1
                nvBANK1                              EE       EE        1         1

        CLASS   BANK2          

        CLASS   BANK3          
                dataBANK3                           190      190        E         1

        CLASS   RAM            

        CLASS   ABS1           
                abs_s1                               7E       7E        2         1

        CLASS   SFR0           

        CLASS   SFR1           

        CLASS   SFR2           

        CLASS   SFR3           

        CLASS   CONFIG         
                config                             2007     2007        2         4

        CLASS   IDLOC          
                idloc                              2000     2000        4         5

        CLASS   EEDATA         

        CLASS   STACK          



SEGMENTS        Name                           Load    Length   Top    Selector   Space  Class     Delta

                reset_vec                      000000  000003  000003         0       0  CODE        2
                text36                         000006  000027  00002D         C       0  CODE        2
                cstackBANK0                    000020  000050  000070        20       1  BANK0       1
                text37                         00002D  0001CF  0001FC        5A       0  CODE        2
                cstackCOMMON                   000070  00000E  00007E        70       1  COMMON      1
                cstackBANK1                    0000A0  00004F  0000EF        A0       1  BANK1       1
                dataBANK3                      000190  00000E  00019E       190       1  BANK3       1
                maintext                       0001FC  0005DB  0007D7       3F8       0  CODE        2
                cinit                          0007D7  000029  000800       FAE       0  CODE        2
                inittext                       000804  000013  000817      1008       0  CODE        2
                text22                         000817  0000A7  0008BE      102E       0  CODE        2
                text29                         0008BE  0000BA  000978      117C       0  CODE        2
                text27                         000978  0000DF  000A57      12F0       0  CODE        2
                text32                         000A57  000264  000CBB      14AE       0  CODE        2
                text35                         000CBB  000345  001000      1976       0  CODE        2
                strings                        001000  000098  001098      2000       0  STRING      2
                text6                          00113D  000005  001142      227A       0  CODE        2
                idataBANK1                     001142  000005  001147      2284       0  CODE        2
                clrtext                        001147  000008  00114F      228E       0  CODE        2
                text19                         00114F  000009  001158      229E       0  CODE        2
                text18                         001158  000009  001161      22B0       0  CODE        2
                text4                          001161  000009  00116A      22C2       0  CODE        2
                text38                         00116A  00000B  001175      22D4       0  CODE        2
                text23                         001175  00000B  001180      22EA       0  CODE        2
                text17                         001180  00000B  00118B      2300       0  CODE        2
                text26                         00118B  00000C  001197      2316       0  CODE        2
                text21                         001197  00000C  0011A3      232E       0  CODE        2
                text13                         0011A3  00000C  0011AF      2346       0  CODE        2
                text5                          0011AF  00000C  0011BB      235E       0  CODE        2
                text20                         0011BB  00000D  0011C8      2376       0  CODE        2
                idataBANK3                     0011C8  00000E  0011D6      2390       0  CODE        2
                text40                         0011D6  000018  0011EE      23AC       0  CODE        2
                text15                         0011EE  00001A  001208      23DC       0  CODE        2
                text41                         001208  00001B  001223      2410       0  CODE        2
                text14                         001223  00001C  00123F      2446       0  CODE        2
                text11                         00123F  00001C  00125B      247E       0  CODE        2
                text16                         00125B  00001D  001278      24B6       0  CODE        2
                text10                         001278  00001D  001295      24F0       0  CODE        2
                text3                          001295  000023  0012B8      252A       0  CODE        2
                text31                         0012B8  000024  0012DC      2570       0  CODE        2
                text34                         0012DC  000025  001301      25B8       0  CODE        2
                text9                          001301  000025  001326      2602       0  CODE        2
                text39                         001326  000043  001369      264C       0  CODE        2
                text24                         001369  000049  0013B2      26D2       0  CODE        2
                text8                          0013B2  000059  00140B      2764       0  CODE        2
                text1                          00140B  000064  00146F      2816       0  CODE        2
                text25                         00146F  000067  0014D6      28DE       0  CODE        2
                text30                         0014D6  000076  00154C      29AC       0  CODE        2
                text2                          00154C  000076  0015C2      2A98       0  CODE        2
                text7                          0015C2  000085  001647      2B84       0  CODE        2
                text12                         001647  000086  0016CD      2C8E       0  CODE        2
                text28                         0016CD  000091  00175E      2D9A       0  CODE        2
                text33                         00175E  0000A2  001800      2EBC       0  CODE        2


UNUSED ADDRESS RANGES

        Name                Unused          Largest block    Delta
        BANK1            00EF-00EF              1           1
        BANK2            0110-016F             60           1
        BANK3            019E-01EF             52           1
        CODE             0003-0005              3           2
                         0800-0803              4
                         1098-113C             A5
                         1800-1FFF            800
        CONST            0003-0005              3           2
                         0800-0803              4
                         1098-113C             68
                         1800-1FFF            100
        EEDATA           2100-21FF            100           2
        ENTRY            0003-0005              3           2
                         0800-0803              4
                         1098-113C             68
                         1800-1FFF            100
        RAM              00EF-00EF              1           1
                         0110-016F             60
                         019E-01EF             52
        SFR0             0000-001F             20           1
        SFR1             0080-009F             20           1
        SFR2             0100-010F             10           1
        SFR3             0180-018F             10           1
        STRCODE          0003-0005              3           2
                         0800-0803              4
                         1098-113C             A5
                         1800-1FFF            800
        STRING           0003-0005              3           2
                         0800-0803              4
                         1098-113C             68
                         1800-1FFF            100

                                  Symbol Table

?_HIH5030_readData               cstackBANK0  005C
?_LDR1_readData                  cstackCOMMON 0078
?_LM35_readData                  cstackBANK0  005C
?__Umul8_16                      cstackCOMMON 0070
?___awdiv                        cstackCOMMON 0070
?___awmod                        cstackCOMMON 0078
?___fladd                        cstackCOMMON 0070
?___fldiv                        cstackBANK0  0028
?___flmul                        cstackBANK0  0042
?___flsub                        cstackBANK0  0028
?___fltol                        cstackCOMMON 0070
?___wmul                         cstackCOMMON 0070
?___xxtofl                       cstackCOMMON 0076
?_roundFloat                     cstackBANK0  0030
DHT11_readData@data              cstackCOMMON 0071
DHT11_readData@i                 cstackCOMMON 0072
HIH5030_readData@RH              cstackBANK0  0061
HIH5030_readData@x               cstackBANK0  0065
LM35_readData@temperature        cstackBANK0  0061
_ACKSTAT                         (abs)        048E
_ADCON0                          (abs)        001F
_ADCON0bits                      (abs)        001F
_ADCON1                          (abs)        009F
_ADRESH                          (abs)        001E
_ADRESL                          (abs)        009E
_ANSELH                          (abs)        0189
_ANSELbits                       (abs)        0188
_DHT11_Start                     text41       1208
_DHT11_checkResponse             text40       11D6
_DHT11_readData                  text39       1326
_HIH5030_initADC                 text38       116A
_HIH5030_readData                text27       0978
_LDR1_initADC                    text26       118B
_LDR1_readData                   text24       1369
_LM35_initADC                    text23       1175
_LM35_readData                   text22       0817
_OPTION_REG                      (abs)        0081
_OSCCON                          (abs)        008F
_PORTBbits                       (abs)        0006
_PORTDbits                       (abs)        0008
_RS                              bssBANK0     006F
_SSPADD                          (abs)        0093
_SSPBUF                          (abs)        0013
_SSPCON2                         (abs)        0091
_SSPCON2bits                     (abs)        0091
_SSPCONbits                      (abs)        0014
_SSPSTAT                         (abs)        0094
_TRISAbits                       (abs)        0085
_TRISB                           (abs)        0086
_TRISCbits                       (abs)        0087
_TRISD                           (abs)        0088
_TRISDbits                       (abs)        0088
_WPUB                            (abs)        0095
__H__absolute__                  __absolute__ 0000
__Habs1                          abs1         0000
__Hbank0                         bank0        0000
__Hbank1                         bank1        0000
__Hbank2                         bank2        0000
__Hbank3                         bank3        0000
__HbssBANK0                      bssBANK0     0000
__HbssBANK1                      bssBANK1     0000
__Hcinit                         cinit        0800
__Hclrtext                       clrtext      0000
__Hcode                          code         0000
__Hcommon                        common       0000
__Hconfig                        config       2009
__HcstackBANK0                   cstackBANK0  0000
__HcstackBANK1                   cstackBANK1  0000
__HcstackCOMMON                  cstackCOMMON 0000
__HdataBANK1                     dataBANK1    0000
__HdataBANK3                     dataBANK3    0000
__Heeprom_data                   eeprom_data  0000
__Hend_init                      end_init     0003
__Hfunctab                       functab      0000
__HidataBANK1                    idataBANK1   0000
__HidataBANK3                    idataBANK3   0000
__Hidloc                         idloc        2004
__Hinit                          init         0000
__Hinittext                      inittext     0000
__Hintentry                      intentry     0000
__Hmaintext                      maintext     0000
__HnvBANK1                       nvBANK1      0000
__Hpowerup                       powerup      0000
__Hram                           ram          0000
__Hreset_vec                     reset_vec    0000
__Hsfr0                          sfr0         0000
__Hsfr1                          sfr1         0000
__Hsfr2                          sfr2         0000
__Hsfr3                          sfr3         0000
__Hspace_0                       (abs)        1800
__Hspace_1                       (abs)        019E
__Hspace_2                       (abs)        0000
__Hspace_3                       (abs)        0000
__Hspace_4                       (abs)        4010
__Hstack                         stack        0000
__Hstrings                       strings      0000
__Htext                          text         0000
__L__absolute__                  __absolute__ 0000
__Labs1                          abs1         0000
__Lbank0                         bank0        0000
__Lbank1                         bank1        0000
__Lbank2                         bank2        0000
__Lbank3                         bank3        0000
__LbssBANK0                      bssBANK0     0000
__LbssBANK1                      bssBANK1     0000
__Lcinit                         cinit        07D7
__Lclrtext                       clrtext      0000
__Lcode                          code         0000
__Lcommon                        common       0000
__Lconfig                        config       0000
__LcstackBANK0                   cstackBANK0  0000
__LcstackBANK1                   cstackBANK1  0000
__LcstackCOMMON                  cstackCOMMON 0000
__LdataBANK1                     dataBANK1    0000
__LdataBANK3                     dataBANK3    0000
__Leeprom_data                   eeprom_data  0000
__Lend_init                      end_init     0000
__Lfunctab                       functab      0000
__LidataBANK1                    idataBANK1   0000
__LidataBANK3                    idataBANK3   0000
__Lidloc                         idloc        0000
__Linit                          init         0000
__Linittext                      inittext     0000
__Lintentry                      intentry     0000
__Lmaintext                      maintext     0000
__LnvBANK1                       nvBANK1      0000
__Lpowerup                       powerup      0000
__Lram                           ram          0000
__Lreset_vec                     reset_vec    0000
__Lsfr0                          sfr0         0000
__Lsfr1                          sfr1         0000
__Lsfr2                          sfr2         0000
__Lsfr3                          sfr3         0000
__Lspace_0                       (abs)        0000
__Lspace_1                       (abs)        0000
__Lspace_2                       (abs)        0000
__Lspace_3                       (abs)        0000
__Lspace_4                       (abs)        0000
__Lstack                         stack        0000
__Lstrings                       strings      0000
__Ltext                          text         0000
__S0                             (abs)        1800
__S1                             (abs)        019E
__S3                             (abs)        0000
__Umul8_16                       text36       0006
__Umul8_16@multiplicand          cstackCOMMON 0070
__Umul8_16@multiplier            cstackCOMMON 0078
__Umul8_16@product               cstackCOMMON 0074
__Umul8_16@word_mpld             cstackCOMMON 0076
___awdiv                         text25       146F
___awdiv@counter                 cstackCOMMON 0074
___awdiv@dividend                cstackCOMMON 0072
___awdiv@divisor                 cstackCOMMON 0070
___awdiv@quotient                cstackCOMMON 0076
___awdiv@sign                    cstackCOMMON 0075
___awmod                         text8        13B2
___awmod@counter                 cstackCOMMON 007C
___awmod@dividend                cstackCOMMON 007A
___awmod@divisor                 cstackCOMMON 0078
___awmod@sign                    cstackCOMMON 007D
___fladd                         text32       0A57
___fladd@a                       cstackCOMMON 0074
___fladd@aexp                    cstackCOMMON 0079
___fladd@b                       cstackCOMMON 0070
___fladd@bexp                    cstackCOMMON 007A
___fladd@grs                     cstackCOMMON 007B
___fladd@signs                   cstackCOMMON 0078
___fldiv                         text37       002D
___fldiv@a                       cstackBANK0  0028
___fldiv@aexp                    cstackBANK0  0041
___fldiv@b                       cstackBANK0  002C
___fldiv@bexp                    cstackBANK0  0040
___fldiv@grs                     cstackBANK0  003C
___fldiv@new_exp                 cstackBANK0  003A
___fldiv@rem                     cstackBANK0  0035
___fldiv@sign                    cstackBANK0  0039
___flge                          text33       175E
___flge@ff1                      cstackCOMMON 0070
___flge@ff2                      cstackCOMMON 0074
___flmul                         text35       0CBB
___flmul@a                       cstackBANK0  0046
___flmul@aexp                    cstackBANK0  0054
___flmul@b                       cstackBANK0  0042
___flmul@bexp                    cstackBANK0  0055
___flmul@grs                     cstackBANK0  0050
___flmul@prod                    cstackBANK0  0056
___flmul@sign                    cstackBANK0  004F
___flmul@temp                    cstackBANK0  005A
___flsub                         text31       12B8
___flsub@a                       cstackBANK0  0028
___flsub@b                       cstackBANK0  002C
___fltol                         text30       14D6
___fltol@exp1                    cstackCOMMON 0079
___fltol@f1                      cstackCOMMON 0070
___fltol@sign1                   cstackCOMMON 0078
___int_sp                        stack        0000
___latbits                       (abs)        0002
___sp                            stack        0000
___stackhi                       (abs)        0000
___stacklo                       (abs)        0000
___wmul                          text34       12DC
___wmul@multiplicand             cstackCOMMON 0072
___wmul@multiplier               cstackCOMMON 0070
___wmul@product                  cstackCOMMON 0074
___xxtofl                        text29       08BE
___xxtofl@arg                    cstackBANK0  0022
___xxtofl@exp                    cstackBANK0  0021
___xxtofl@sign                   cstackBANK0  0020
___xxtofl@val                    cstackCOMMON 0076
__end_of_DHT11_Start             text41       1223
__end_of_DHT11_checkResponse     text40       11EE
__end_of_DHT11_readData          text39       1369
__end_of_HIH5030_initADC         text38       1175
__end_of_HIH5030_readData        text27       0A57
__end_of_LDR1_initADC            text26       1197
__end_of_LDR1_readData           text24       13B2
__end_of_LM35_initADC            text23       1180
__end_of_LM35_readData           text22       08BE
__end_of__Umul8_16               text36       002D
__end_of___awdiv                 text25       14D6
__end_of___awmod                 text8        140B
__end_of___fladd                 text32       0CBB
__end_of___fldiv                 text37       01FC
__end_of___flge                  text33       1800
__end_of___flmul                 text35       1000
__end_of___flsub                 text31       12DC
__end_of___fltol                 text30       154C
__end_of___wmul                  text34       1301
__end_of___xxtofl                text29       0978
__end_of__initialization         cinit        07FC
__end_of__stringtab              strings      1006
__end_of_i2c_masterInit          text21       11A3
__end_of_i2c_masterRepeatedStart text4        116A
__end_of_i2c_masterStart         text19       1158
__end_of_i2c_masterStop          text18       1161
__end_of_i2c_masterWait          text20       11C8
__end_of_i2c_masterWrite         text17       118B
__end_of_i2c_readByte            text3        12B8
__end_of_io_expanderWrite        text16       1278
__end_of_lcd_clear               text13       11AF
__end_of_lcd_cmd                 text14       123F
__end_of_lcd_init                text12       16CD
__end_of_lcd_setCursor           text11       125B
__end_of_lcd_write4Bit           text15       1208
__end_of_lcd_writeChar           text10       1295
__end_of_lcd_writeString         text9        1326
__end_of_main                    maintext     07D7
__end_of_printInteger            text7        1647
__end_of_roundFloat              text28       175E
__end_of_rtc_convLowerNibble     text6        1142
__end_of_rtc_convUpperNibble     text5        11BB
__end_of_rtc_readDate            text2        15C2
__end_of_rtc_readTime            text1        146F
__initialization                 cinit        07D7
__pbssBANK0                      bssBANK0     006F
__pbssBANK1                      bssBANK1     00D4
__pcstackBANK0                   cstackBANK0  0020
__pcstackBANK1                   cstackBANK1  00A0
__pcstackCOMMON                  cstackCOMMON 0070
__pdataBANK1                     dataBANK1    00E9
__pdataBANK3                     dataBANK3    0190
__pidataBANK1                    idataBANK1   1142
__pidataBANK3                    idataBANK3   11C8
__pmaintext                      maintext     01FC
__pnvBANK1                       nvBANK1      00EE
__pstrings                       strings      1000
__ptext1                         text1        140B
__ptext10                        text10       1278
__ptext11                        text11       123F
__ptext12                        text12       1647
__ptext13                        text13       11A3
__ptext14                        text14       1223
__ptext15                        text15       11EE
__ptext16                        text16       125B
__ptext17                        text17       1180
__ptext18                        text18       1158
__ptext19                        text19       114F
__ptext2                         text2        154C
__ptext20                        text20       11BB
__ptext21                        text21       1197
__ptext22                        text22       0817
__ptext23                        text23       1175
__ptext24                        text24       1369
__ptext25                        text25       146F
__ptext26                        text26       118B
__ptext27                        text27       0978
__ptext28                        text28       16CD
__ptext29                        text29       08BE
__ptext3                         text3        1295
__ptext30                        text30       14D6
__ptext31                        text31       12B8
__ptext32                        text32       0A57
__ptext33                        text33       175E
__ptext34                        text34       12DC
__ptext35                        text35       0CBB
__ptext36                        text36       0006
__ptext37                        text37       002D
__ptext38                        text38       116A
__ptext39                        text39       1326
__ptext4                         text4        1161
__ptext40                        text40       11D6
__ptext41                        text41       1208
__ptext5                         text5        11AF
__ptext6                         text6        113D
__ptext7                         text7        15C2
__ptext8                         text8        13B2
__ptext9                         text9        1301
__stringbase                     strings      1005
__stringtab                      strings      1000
_adc_val                         bssBANK1     00D6
_adc_val1                        bssBANK1     00D4
_alarm_status                    bssBANK1     00E8
_backlight_state                 dataBANK1    00ED
_check_bit                       bssBANK1     00E6
_date                            bssBANK1     00DC
_day                             bssBANK1     00DE
_hour                            bssBANK1     00E0
_i2c_add                         nvBANK1      00EE
_i2c_masterInit                  text21       1197
_i2c_masterRepeatedStart         text4        1161
_i2c_masterStart                 text19       114F
_i2c_masterStop                  text18       1158
_i2c_masterWait                  text20       11BB
_i2c_masterWrite                 text17       1180
_i2c_readByte                    text3        1295
_io_expanderWrite                text16       125B
_lcd_clear                       text13       11A3
_lcd_cmd                         text14       1223
_lcd_init                        text12       1647
_lcd_setCursor                   text11       123F
_lcd_write4Bit                   text15       11EE
_lcd_writeChar                   text10       1278
_lcd_writeString                 text9        1301
_main                            maintext     01FC
_min                             bssBANK1     00E2
_month                           bssBANK1     00DA
_printInteger                    text7        15C2
_roundFloat                      text28       16CD
_rtc_convLowerNibble             text6        113D
_rtc_convUpperNibble             text5        11AF
_rtc_readDate                    text2        154C
_rtc_readTime                    text1        140B
_sec                             bssBANK1     00E4
_year                            bssBANK1     00D8
btemp                            (abs)        007E
clear_ram0                       clrtext      1147
end_of_initialization            cinit        07FC
i2c_masterWrite@data             cstackCOMMON 0070
i2c_readByte@ack                 cstackCOMMON 0070
i2c_readByte@incoming_data       cstackCOMMON 0071
init_fetch0                      inittext     0804
init_ram0                        inittext     0808
intlevel0                        functab      0000
intlevel1                        functab      0000
intlevel2                        functab      0000
intlevel3                        functab      0000
intlevel4                        functab      0000
intlevel5                        functab      0000
io_expanderWrite@data            cstackCOMMON 0071
lcd_cmd@cmd                      cstackCOMMON 0075
lcd_init@i2c_Add                 cstackCOMMON 0078
lcd_setCursor@col                cstackCOMMON 0076
lcd_setCursor@row                cstackCOMMON 0077
lcd_write4Bit@nibble             cstackCOMMON 0073
lcd_writeChar@data               cstackCOMMON 0075
lcd_writeString@i                cstackCOMMON 0076
lcd_writeString@str              cstackCOMMON 0078
main@F1395                       dataBANK3    0190
main@F1409                       dataBANK1    00E9
main@alarm_digit                 cstackBANK1  00CD
main@aux                         cstackBANK1  00CA
main@day_0                       cstackBANK1  00B9
main@day_1                       cstackBANK1  00B8
main@device_mode                 cstackBANK1  00CC
main@hour_0                      cstackBANK1  00C6
main@hour_1                      cstackBANK1  00C7
main@i                           cstackBANK1  00C9
main@j                           cstackBANK1  00C8
main@min_0                       cstackBANK1  00C4
main@min_1                       cstackBANK1  00C5
main@month_0                     cstackBANK1  00BB
main@month_1                     cstackBANK1  00BA
main@ok                          cstackBANK1  00D1
main@pos                         cstackBANK1  00D3
main@rh_octet_1                  cstackBANK1  00C0
main@rh_octet_2                  cstackBANK1  00B2
main@sec_0                       cstackBANK1  00B6
main@sec_1                       cstackBANK1  00B7
main@temp_octet_1                cstackBANK1  00C2
main@temp_octet_2                cstackBANK1  00B4
main@time_aux                    cstackBANK1  00BE
main@week_days                   cstackBANK1  00A4
main@year_0                      cstackBANK1  00BD
main@year_1                      cstackBANK1  00BC
printInteger@cifra               cstackBANK0  006B
printInteger@divisor             cstackBANK0  006D
printInteger@num                 cstackBANK0  0069
reset_vec                        reset_vec    0000
roundFloat@decimal               cstackBANK0  0034
roundFloat@num                   cstackBANK0  0030
roundFloat@rounded               cstackBANK0  0038
rtc_convLowerNibble@digit        cstackCOMMON 0070
rtc_convUpperNibble@digit        cstackCOMMON 0071
rtc_readDate@calendar_address    cstackCOMMON 0074
rtc_readTime@clock_address       cstackCOMMON 0074
start                            init         0000
start_initialization             cinit        07D7
wtemp0                           (abs)        007E


MODULE INFORMATION

Module		Function		Class		Link	Load	Size
E:\XC8 Compiler\pic\sources\c90\common\awdiv.c
		___awdiv       		CODE           	146F	0000	103

E:\XC8 Compiler\pic\sources\c90\common\awdiv.c estimated size: 103

sensors.c
		_LDR1_readData 		CODE           	1369	0000	73
		_LDR1_initADC  		CODE           	118B	0000	12
		_HIH5030_initADC		CODE           	116A	0000	11
		_DHT11_Start   		CODE           	1208	0000	27
		_LM35_readData 		CODE           	0817	0000	167
		_LM35_initADC  		CODE           	1175	0000	11
		_DHT11_checkResponse		CODE           	11D6	0000	24
		_roundFloat    		CODE           	16CD	0000	145
		_HIH5030_readData		CODE           	0978	0000	223
		_DHT11_readData		CODE           	1326	0000	67

sensors.c estimated size: 760

i2c.c
		_lcd_cmd       		CODE           	1223	0000	28
		_i2c_masterWait		CODE           	11BB	0000	13
		_i2c_masterInit		CODE           	1197	0000	12
		_i2c_masterStop		CODE           	1158	0000	9
		_lcd_setCursor 		CODE           	123F	0000	28
		_lcd_writeString		CODE           	1301	0000	37
		_io_expanderWrite		CODE           	125B	0000	29
		_i2c_masterWrite		CODE           	1180	0000	11
		_lcd_clear     		CODE           	11A3	0000	12
		_printInteger  		CODE           	15C2	0000	133
		_i2c_masterStart		CODE           	114F	0000	9
		_i2c_masterRepeatedStart		CODE           	1161	0000	9
		_i2c_readByte  		CODE           	1295	0000	35
		_lcd_write4Bit 		CODE           	11EE	0000	26
		_lcd_writeChar 		CODE           	1278	0000	29
		_lcd_init      		CODE           	1647	0000	134

i2c.c estimated size: 554

E:\XC8 Compiler\pic\sources\c90\common\sprcmul.c
		___flmul       		CODE           	0CBB	0000	837

E:\XC8 Compiler\pic\sources\c90\common\sprcmul.c estimated size: 837

E:\XC8 Compiler\pic\sources\c90\common\sprcdiv.c
		___fldiv       		CODE           	002D	0000	463

E:\XC8 Compiler\pic\sources\c90\common\sprcdiv.c estimated size: 463

E:\XC8 Compiler\pic\sources\c90\common\xxtofl.c
		___xxtofl      		CODE           	08BE	0000	186

E:\XC8 Compiler\pic\sources\c90\common\xxtofl.c estimated size: 186

shared
		__stringtab    		STRING         	1000	0000	6
		__initialization		CODE           	07D7	0000	37

shared estimated size: 43

E:\XC8 Compiler\pic\sources\c90\common\flge.c
		___flge        		CODE           	175E	0000	162

E:\XC8 Compiler\pic\sources\c90\common\flge.c estimated size: 162

E:\XC8 Compiler\pic\sources\c90\common\Umul8_16.c
		__Umul8_16     		CODE           	0006	0000	39

E:\XC8 Compiler\pic\sources\c90\common\Umul8_16.c estimated size: 39

rtc.c
		_rtc_readDate  		CODE           	154C	0000	118
		_rtc_readTime  		CODE           	140B	0000	100
		_rtc_convUpperNibble		CODE           	11AF	0000	12
		_rtc_convLowerNibble		CODE           	113D	0000	5

rtc.c estimated size: 235

E:\XC8 Compiler\pic\sources\c90\common\sprcadd.c
		___flsub       		CODE           	12B8	0000	36
		___fladd       		CODE           	0A57	0000	612

E:\XC8 Compiler\pic\sources\c90\common\sprcadd.c estimated size: 648

E:\XC8 Compiler\pic\sources\c90\common\awmod.c
		___awmod       		CODE           	13B2	0000	89

E:\XC8 Compiler\pic\sources\c90\common\awmod.c estimated size: 89

E:\XC8 Compiler\pic\sources\c90\common\Umul16.c
		___wmul        		CODE           	12DC	0000	37

E:\XC8 Compiler\pic\sources\c90\common\Umul16.c estimated size: 37

main.c
		_main          		CODE           	01FC	0000	1499

main.c estimated size: 1499

E:\XC8 Compiler\pic\sources\c90\common\fltol.c
		___fltol       		CODE           	14D6	0000	118

E:\XC8 Compiler\pic\sources\c90\common\fltol.c estimated size: 118

